// Jest Snapshot v1, https://goo.gl/fbAQLP

exports[`render demo button 1`] = `<button class="my-button van-button van-button--primary van-button--normal"></button>`;
